17:39:43 INFO  - === КУРСЫ, НАЧИНАЮЩИЕСЯ С 2025-11-24 И ПОЗЖЕ ===
17:39:43 INFO  - Курс: AI для разработчиков | Дата старта: 2025-11-24
17:39:43 INFO  - Курс: Дизайн сетей ЦОД | Дата старта: 2025-11-26
17:39:43 INFO  - Курс: Machine Learning. Basic | Дата старта: 2025-11-26
17:39:43 INFO  - Курс: Machine Learning | Дата старта: 2025-11-26
17:39:43 INFO  - Курс: Apache Kafka | Дата старта: 2025-11-26
17:39:43 INFO  - Курс: Информационная безопасность. Basic | Дата старта: 2025-11-26
17:39:43 INFO  - Курс: C# ASP.NET Core разработчик | Дата старта: 2025-11-26
17:39:43 INFO  - Курс: Golang Developer. Basic | Дата старта: 2025-11-26
17:39:43 INFO  - Курс: System Design | Дата старта: 2025-11-26
17:39:43 INFO  - Курс: Диалоговые боты и голосовые помощники | Дата старта: 2025-11-26
17:39:43 INFO  - ============================================
17:41:38 INFO  - === КУРСЫ, НАЧИНАЮЩИЕСЯ С 2025-11-24 И ПОЗЖЕ ===
17:41:38 INFO  - Курс: AI для разработчиков | Дата старта: 2025-11-24
17:41:38 INFO  - Курс: Дизайн сетей ЦОД | Дата старта: 2025-11-26
17:41:38 INFO  - Курс: Machine Learning. Basic | Дата старта: 2025-11-26
17:41:38 INFO  - Курс: Machine Learning | Дата старта: 2025-11-26
17:41:38 INFO  - Курс: Apache Kafka | Дата старта: 2025-11-26
17:41:38 INFO  - Курс: Информационная безопасность. Basic | Дата старта: 2025-11-26
17:41:38 INFO  - Курс: C# ASP.NET Core разработчик | Дата старта: 2025-11-26
17:41:38 INFO  - Курс: Golang Developer. Basic | Дата старта: 2025-11-26
17:41:38 INFO  - Курс: System Design | Дата старта: 2025-11-26
17:41:38 INFO  - Курс: Диалоговые боты и голосовые помощники | Дата старта: 2025-11-26
17:41:38 INFO  - ============================================
17:43:15 INFO  - === КУРСЫ, НАЧИНАЮЩИЕСЯ С 2025-11-24 И ПОЗЖЕ ===
17:43:15 INFO  - Курс: AI для разработчиков | Дата старта: 2025-11-24
17:43:15 INFO  - Курс: Дизайн сетей ЦОД | Дата старта: 2025-11-26
17:43:15 INFO  - Курс: Machine Learning. Basic | Дата старта: 2025-11-26
17:43:15 INFO  - Курс: Machine Learning | Дата старта: 2025-11-26
17:43:15 INFO  - Курс: Apache Kafka | Дата старта: 2025-11-26
17:43:15 INFO  - Курс: Информационная безопасность. Basic | Дата старта: 2025-11-26
17:43:15 INFO  - Курс: C# ASP.NET Core разработчик | Дата старта: 2025-11-26
17:43:15 INFO  - Курс: Golang Developer. Basic | Дата старта: 2025-11-26
17:43:15 INFO  - Курс: System Design | Дата старта: 2025-11-26
17:43:15 INFO  - Курс: Диалоговые боты и голосовые помощники | Дата старта: 2025-11-26
17:43:15 INFO  - ============================================
14:13:56 INFO  - === КУРСЫ, НАЧИНАЮЩИЕСЯ С 2025-11-24 И ПОЗЖЕ ===
14:13:56 INFO  - Курс: System Design | Дата старта: 2025-11-26
14:13:56 INFO  - Курс: Диалоговые боты и голосовые помощники | Дата старта: 2025-11-26
14:13:56 INFO  - Курс: Data Quality | Дата старта: 2025-11-26
14:13:56 INFO  - Курс: Golang Developer. Basic | Дата старта: 2025-11-26
14:13:56 INFO  - Курс: Unreal Engine Game Developer. Professional | Дата старта: 2025-11-26
14:13:56 INFO  - Курс: Python QA Engineer | Дата старта: 2025-11-27
14:13:56 INFO  - Курс: LLM Driven Development | Дата старта: 2025-11-27
14:13:56 INFO  - Курс: Angular Developer | Дата старта: 2025-12-09
14:13:56 INFO  - Курс: JavaScript QA Engineer | Дата старта: 2025-12-10
14:13:56 INFO  - Курс: Микросервисы на Go | Дата старта: 2025-12-11
14:13:56 INFO  - ============================================
16:12:58 INFO  - === �����, ������������ � 2025-11-24 � ����� ===
16:12:58 INFO  - ����: System Design | ���� ������: 2025-11-26
16:12:58 INFO  - ����: Диалоговые боты и голосовые помощники | ���� ������: 2025-11-26
16:12:58 INFO  - ����: Data Quality | ���� ������: 2025-11-26
16:12:58 INFO  - ����: Golang Developer. Basic | ���� ������: 2025-11-26
16:12:58 INFO  - ����: Unreal Engine Game Developer. Professional | ���� ������: 2025-11-26
16:12:58 INFO  - ����: Python QA Engineer | ���� ������: 2025-11-27
16:12:58 INFO  - ����: LLM Driven Development | ���� ������: 2025-11-27
16:12:58 INFO  - ����: Angular Developer | ���� ������: 2025-12-09
16:12:58 INFO  - ����: JavaScript QA Engineer | ���� ������: 2025-12-10
16:12:58 INFO  - ����: Микросервисы на Go | ���� ������: 2025-12-11
16:12:58 INFO  - ============================================
16:26:07 INFO  - === КУРСЫ, НАЧИНАЮЩИЕСЯ С 2025-11-24 И ПОЗЖЕ ===
16:26:07 INFO  - Курс: System Design | Дата старта: 2025-11-26
16:26:07 INFO  - Курс: Диалоговые боты и голосовые помощники | Дата старта: 2025-11-26
16:26:07 INFO  - Курс: Data Quality | Дата старта: 2025-11-26
16:26:07 INFO  - Курс: Golang Developer. Basic | Дата старта: 2025-11-26
16:26:07 INFO  - Курс: Unreal Engine Game Developer. Professional | Дата старта: 2025-11-26
16:26:07 INFO  - Курс: Python QA Engineer | Дата старта: 2025-11-27
16:26:07 INFO  - Курс: LLM Driven Development | Дата старта: 2025-11-27
16:26:07 INFO  - Курс: Angular Developer | Дата старта: 2025-12-09
16:26:07 INFO  - Курс: JavaScript QA Engineer | Дата старта: 2025-12-10
16:26:07 INFO  - Курс: Микросервисы на Go | Дата старта: 2025-12-11
16:26:07 INFO  - ============================================
16:27:56 INFO  - === КУРСЫ, НАЧИНАЮЩИЕСЯ С 2025-11-24 И ПОЗЖЕ ===
16:27:56 INFO  - Курс: System Design | Дата старта: 2025-11-26
16:27:56 INFO  - Курс: Диалоговые боты и голосовые помощники | Дата старта: 2025-11-26
16:27:56 INFO  - Курс: Data Quality | Дата старта: 2025-11-26
16:27:56 INFO  - Курс: Golang Developer. Basic | Дата старта: 2025-11-26
16:27:56 INFO  - Курс: Unreal Engine Game Developer. Professional | Дата старта: 2025-11-26
16:27:56 INFO  - Курс: Python QA Engineer | Дата старта: 2025-11-27
16:27:56 INFO  - Курс: LLM Driven Development | Дата старта: 2025-11-27
16:27:56 INFO  - Курс: Angular Developer | Дата старта: 2025-12-09
16:27:56 INFO  - Курс: JavaScript QA Engineer | Дата старта: 2025-12-10
16:27:56 INFO  - Курс: Микросервисы на Go | Дата старта: 2025-12-11
16:27:56 INFO  - ============================================
16:29:11 INFO  - === КУРСЫ, НАЧИНАЮЩИЕСЯ С 2025-11-24 И ПОЗЖЕ ===
16:29:11 INFO  - Курс: System Design | Дата старта: 2025-11-26
16:29:11 INFO  - Курс: Диалоговые боты и голосовые помощники | Дата старта: 2025-11-26
16:29:11 INFO  - Курс: Data Quality | Дата старта: 2025-11-26
16:29:11 INFO  - Курс: Golang Developer. Basic | Дата старта: 2025-11-26
16:29:11 INFO  - Курс: Unreal Engine Game Developer. Professional | Дата старта: 2025-11-26
16:29:11 INFO  - Курс: Python QA Engineer | Дата старта: 2025-11-27
16:29:11 INFO  - Курс: LLM Driven Development | Дата старта: 2025-11-27
16:29:11 INFO  - Курс: Angular Developer | Дата старта: 2025-12-09
16:29:11 INFO  - Курс: JavaScript QA Engineer | Дата старта: 2025-12-10
16:29:11 INFO  - Курс: Микросервисы на Go | Дата старта: 2025-12-11
16:29:11 INFO  - ============================================
16:35:55 INFO  - === КУРСЫ, НАЧИНАЮЩИЕСЯ С 2025-11-24 И ПОЗЖЕ ===
16:35:55 INFO  - Курс: System Design | Дата старта: 2025-11-26
16:35:55 INFO  - Курс: Диалоговые боты и голосовые помощники | Дата старта: 2025-11-26
16:35:55 INFO  - Курс: Data Quality | Дата старта: 2025-11-26
16:35:55 INFO  - Курс: Golang Developer. Basic | Дата старта: 2025-11-26
16:35:55 INFO  - Курс: Unreal Engine Game Developer. Professional | Дата старта: 2025-11-26
16:35:55 INFO  - Курс: Python QA Engineer | Дата старта: 2025-11-27
16:35:55 INFO  - Курс: LLM Driven Development | Дата старта: 2025-11-27
16:35:55 INFO  - Курс: Angular Developer | Дата старта: 2025-12-09
16:35:55 INFO  - Курс: JavaScript QA Engineer | Дата старта: 2025-12-10
16:35:55 INFO  - Курс: Микросервисы на Go | Дата старта: 2025-12-11
16:35:55 INFO  - ============================================
16:37:49 INFO  - === КУРСЫ, НАЧИНАЮЩИЕСЯ С 2025-11-24 И ПОЗЖЕ ===
16:37:49 INFO  - Курс: System Design | Дата старта: 2025-11-26
16:37:49 INFO  - Курс: Диалоговые боты и голосовые помощники | Дата старта: 2025-11-26
16:37:49 INFO  - Курс: Data Quality | Дата старта: 2025-11-26
16:37:49 INFO  - Курс: Golang Developer. Basic | Дата старта: 2025-11-26
16:37:49 INFO  - Курс: Unreal Engine Game Developer. Professional | Дата старта: 2025-11-26
16:37:49 INFO  - Курс: Python QA Engineer | Дата старта: 2025-11-27
16:37:49 INFO  - Курс: LLM Driven Development | Дата старта: 2025-11-27
16:37:49 INFO  - Курс: Angular Developer | Дата старта: 2025-12-09
16:37:49 INFO  - Курс: JavaScript QA Engineer | Дата старта: 2025-12-10
16:37:49 INFO  - Курс: Микросервисы на Go | Дата старта: 2025-12-11
16:37:49 INFO  - ============================================
16:41:36 INFO  - === КУРСЫ, НАЧИНАЮЩИЕСЯ С 2025-11-24 И ПОЗЖЕ ===
16:41:36 INFO  - Курс: System Design | Дата старта: 2025-11-26
16:41:36 INFO  - Курс: Диалоговые боты и голосовые помощники | Дата старта: 2025-11-26
16:41:36 INFO  - Курс: Data Quality | Дата старта: 2025-11-26
16:41:36 INFO  - Курс: Golang Developer. Basic | Дата старта: 2025-11-26
16:41:36 INFO  - Курс: Unreal Engine Game Developer. Professional | Дата старта: 2025-11-26
16:41:36 INFO  - Курс: Python QA Engineer | Дата старта: 2025-11-27
16:41:36 INFO  - Курс: LLM Driven Development | Дата старта: 2025-11-27
16:41:36 INFO  - Курс: Angular Developer | Дата старта: 2025-12-09
16:41:36 INFO  - Курс: JavaScript QA Engineer | Дата старта: 2025-12-10
16:41:36 INFO  - Курс: Микросервисы на Go | Дата старта: 2025-12-11
16:41:36 INFO  - ============================================
17:01:16 INFO  - === КУРСЫ, НАЧИНАЮЩИЕСЯ С 2025-11-24 И ПОЗЖЕ ===
17:01:16 INFO  - Курс: System Design | Дата старта: 2025-11-26
17:01:16 INFO  - Курс: Диалоговые боты и голосовые помощники | Дата старта: 2025-11-26
17:01:16 INFO  - Курс: Data Quality | Дата старта: 2025-11-26
17:01:16 INFO  - Курс: Golang Developer. Basic | Дата старта: 2025-11-26
17:01:16 INFO  - Курс: Unreal Engine Game Developer. Professional | Дата старта: 2025-11-26
17:01:16 INFO  - Курс: Python QA Engineer | Дата старта: 2025-11-27
17:01:16 INFO  - Курс: LLM Driven Development | Дата старта: 2025-11-27
17:01:16 INFO  - Курс: Angular Developer | Дата старта: 2025-12-09
17:01:16 INFO  - Курс: JavaScript QA Engineer | Дата старта: 2025-12-10
17:01:16 INFO  - Курс: Микросервисы на Go | Дата старта: 2025-12-11
17:01:16 INFO  - ============================================
17:24:03 INFO  - === КУРСЫ, НАЧИНАЮЩИЕСЯ С [Decorated {[[ChromeDriver: chrome on windows (30f037686a75280e7a5bd6098ce8f88f)] -> css selector: section a[href^='/online/'] h6 div]}, Decorated {[[ChromeDriver: chrome on windows (30f037686a75280e7a5bd6098ce8f88f)] -> css selector: section a[href^='/online/'] h6 div]}, Decorated {[[ChromeDriver: chrome on windows (30f037686a75280e7a5bd6098ce8f88f)] -> css selector: section a[href^='/online/'] h6 div]}, Decorated {[[ChromeDriver: chrome on windows (30f037686a75280e7a5bd6098ce8f88f)] -> css selector: section a[href^='/online/'] h6 div]}, Decorated {[[ChromeDriver: chrome on windows (30f037686a75280e7a5bd6098ce8f88f)] -> css selector: section a[href^='/online/'] h6 div]}, Decorated {[[ChromeDriver: chrome on windows (30f037686a75280e7a5bd6098ce8f88f)] -> css selector: section a[href^='/online/'] h6 div]}, Decorated {[[ChromeDriver: chrome on windows (30f037686a75280e7a5bd6098ce8f88f)] -> css selector: section a[href^='/online/'] h6 div]}, Decorated {[[ChromeDriver: chrome on windows (30f037686a75280e7a5bd6098ce8f88f)] -> css selector: section a[href^='/online/'] h6 div]}, Decorated {[[ChromeDriver: chrome on windows (30f037686a75280e7a5bd6098ce8f88f)] -> css selector: section a[href^='/online/'] h6 div]}, Decorated {[[ChromeDriver: chrome on windows (30f037686a75280e7a5bd6098ce8f88f)] -> css selector: section a[href^='/online/'] h6 div]}] И ПОЗЖЕ ===
17:24:30 INFO  - === КУРСЫ, НАЧИНАЮЩИЕСЯ С 2025-11-24 И ПОЗЖЕ ===
17:24:30 INFO  - Курс: System Design | Дата старта: 2025-11-26
17:24:30 INFO  - Курс: Диалоговые боты и голосовые помощники | Дата старта: 2025-11-26
17:24:30 INFO  - Курс: Data Quality | Дата старта: 2025-11-26
17:24:30 INFO  - Курс: Golang Developer. Basic | Дата старта: 2025-11-26
17:24:30 INFO  - Курс: Unreal Engine Game Developer. Professional | Дата старта: 2025-11-26
17:24:30 INFO  - Курс: Python QA Engineer | Дата старта: 2025-11-27
17:24:30 INFO  - Курс: LLM Driven Development | Дата старта: 2025-11-27
17:24:30 INFO  - Курс: Angular Developer | Дата старта: 2025-12-09
17:24:30 INFO  - Курс: JavaScript QA Engineer | Дата старта: 2025-12-10
17:24:30 INFO  - Курс: Микросервисы на Go | Дата старта: 2025-12-11
17:24:30 INFO  - ============================================
17:25:41 INFO  - === КУРСЫ, НАЧИНАЮЩИЕСЯ С 2025-11-24 И ПОЗЖЕ ===
17:25:41 INFO  - Курс: System Design | Дата старта: 2025-11-26
17:25:41 INFO  - Курс: Диалоговые боты и голосовые помощники | Дата старта: 2025-11-26
17:25:41 INFO  - Курс: Data Quality | Дата старта: 2025-11-26
17:25:41 INFO  - Курс: Golang Developer. Basic | Дата старта: 2025-11-26
17:25:41 INFO  - Курс: Unreal Engine Game Developer. Professional | Дата старта: 2025-11-26
17:25:41 INFO  - Курс: Python QA Engineer | Дата старта: 2025-11-27
17:25:41 INFO  - Курс: LLM Driven Development | Дата старта: 2025-11-27
17:25:41 INFO  - Курс: Angular Developer | Дата старта: 2025-12-09
17:25:41 INFO  - Курс: JavaScript QA Engineer | Дата старта: 2025-12-10
17:25:41 INFO  - Курс: Микросервисы на Go | Дата старта: 2025-12-11
17:25:41 INFO  - ============================================
17:26:36 INFO  - === КУРСЫ, НАЧИНАЮЩИЕСЯ С 2025-11-24 И ПОЗЖЕ ===
17:26:36 INFO  - Курс: System Design | Дата старта: 2025-11-26
17:26:36 INFO  - Курс: Диалоговые боты и голосовые помощники | Дата старта: 2025-11-26
17:26:36 INFO  - Курс: Data Quality | Дата старта: 2025-11-26
17:26:36 INFO  - Курс: Golang Developer. Basic | Дата старта: 2025-11-26
17:26:36 INFO  - Курс: Unreal Engine Game Developer. Professional | Дата старта: 2025-11-26
17:26:36 INFO  - Курс: Python QA Engineer | Дата старта: 2025-11-27
17:26:36 INFO  - Курс: LLM Driven Development | Дата старта: 2025-11-27
17:26:36 INFO  - Курс: Angular Developer | Дата старта: 2025-12-09
17:26:36 INFO  - Курс: JavaScript QA Engineer | Дата старта: 2025-12-10
17:26:36 INFO  - Курс: Микросервисы на Go | Дата старта: 2025-12-11
17:26:36 INFO  - ============================================
17:27:06 INFO  - === КУРСЫ, НАЧИНАЮЩИЕСЯ С [Decorated {[[ChromeDriver: chrome on windows (b1eab62ebbc3e87ab98efacb51a7fe2a)] -> css selector: section a[href^='/online/'] h6 div]}, Decorated {[[ChromeDriver: chrome on windows (b1eab62ebbc3e87ab98efacb51a7fe2a)] -> css selector: section a[href^='/online/'] h6 div]}, Decorated {[[ChromeDriver: chrome on windows (b1eab62ebbc3e87ab98efacb51a7fe2a)] -> css selector: section a[href^='/online/'] h6 div]}, Decorated {[[ChromeDriver: chrome on windows (b1eab62ebbc3e87ab98efacb51a7fe2a)] -> css selector: section a[href^='/online/'] h6 div]}, Decorated {[[ChromeDriver: chrome on windows (b1eab62ebbc3e87ab98efacb51a7fe2a)] -> css selector: section a[href^='/online/'] h6 div]}, Decorated {[[ChromeDriver: chrome on windows (b1eab62ebbc3e87ab98efacb51a7fe2a)] -> css selector: section a[href^='/online/'] h6 div]}, Decorated {[[ChromeDriver: chrome on windows (b1eab62ebbc3e87ab98efacb51a7fe2a)] -> css selector: section a[href^='/online/'] h6 div]}, Decorated {[[ChromeDriver: chrome on windows (b1eab62ebbc3e87ab98efacb51a7fe2a)] -> css selector: section a[href^='/online/'] h6 div]}, Decorated {[[ChromeDriver: chrome on windows (b1eab62ebbc3e87ab98efacb51a7fe2a)] -> css selector: section a[href^='/online/'] h6 div]}, Decorated {[[ChromeDriver: chrome on windows (b1eab62ebbc3e87ab98efacb51a7fe2a)] -> css selector: section a[href^='/online/'] h6 div]}] И ПОЗЖЕ ===
20:58:24 INFO  - === КУРСЫ, НАЧИНАЮЩИЕСЯ С 2025-11-24 И ПОЗЖЕ ===
20:58:24 INFO  - Курс: Golang Developer. Basic | Дата старта: 2025-11-26
20:58:24 INFO  - Курс: System Design | Дата старта: 2025-11-26
20:58:24 INFO  - Курс: Диалоговые боты и голосовые помощники | Дата старта: 2025-11-26
20:58:24 INFO  - Курс: Data Quality | Дата старта: 2025-11-26
20:58:24 INFO  - Курс: Unreal Engine Game Developer. Professional | Дата старта: 2025-11-26
20:58:24 INFO  - Курс: Python QA Engineer | Дата старта: 2025-11-27
20:58:24 INFO  - Курс: LLM Driven Development | Дата старта: 2025-11-27
20:58:24 INFO  - Курс: Angular Developer | Дата старта: 2025-12-09
20:58:24 INFO  - Курс: JavaScript QA Engineer | Дата старта: 2025-12-10
20:58:24 INFO  - Курс: Микросервисы на Go | Дата старта: 2025-12-11
20:58:24 INFO  - ============================================
02:19:25 INFO  - === САМЫЙ ДЕШЕВЫЙ И САМЫЙ ДОРОГОЙ КУРС ===
02:19:25 INFO  - Курс: Linux для начинающих | Цена: 10
02:19:25 INFO  - Курс: Основы SQL | Цена: 10
02:19:25 INFO  - Курс: Выбор профессии в IT | Цена: 10
02:19:25 INFO  - Курс: Демо-занятия курса IT-Recruiter | Цена: 10
02:19:25 INFO  - Курс: Ручное тестирование | Цена: 7000
02:19:25 INFO  - Курс: Основы Git | Цена: 10
02:19:25 INFO  - Курс: C# для начинающих программистов. Академия искусств | Цена: 7000
02:19:25 INFO  - Курс: PHP для начинающих программистов | Цена: 7000
02:19:25 INFO  - Курс: C# для начинающих программистов | Цена: 7000
02:19:25 INFO  - =========================================
02:21:52 INFO  - === КУРСЫ, НАЧИНАЮЩИЕСЯ С 2025-11-24 И ПОЗЖЕ ===
02:21:52 INFO  - Курс: Unreal Engine Game Developer. Professional | Дата старта: 2025-11-26
02:21:52 INFO  - Курс: Python QA Engineer | Дата старта: 2025-11-27
02:21:52 INFO  - Курс: LLM Driven Development | Дата старта: 2025-11-27
02:21:52 INFO  - Курс: Angular Developer | Дата старта: 2025-12-09
02:21:52 INFO  - Курс: JavaScript QA Engineer | Дата старта: 2025-12-10
02:21:52 INFO  - Курс: Микросервисы на Go | Дата старта: 2025-12-11
02:21:52 INFO  - ============================================
02:33:06 INFO  - === КУРСЫ, НАЧИНАЮЩИЕСЯ С 2025-11-24 И ПОЗЖЕ ===
02:33:06 INFO  - Курс: Unreal Engine Game Developer. Professional | Дата старта: 2025-11-26
02:33:06 INFO  - Курс: Python QA Engineer | Дата старта: 2025-11-27
02:33:06 INFO  - Курс: LLM Driven Development | Дата старта: 2025-11-27
02:33:06 INFO  - Курс: Angular Developer | Дата старта: 2025-12-09
02:33:06 INFO  - Курс: JavaScript QA Engineer | Дата старта: 2025-12-10
02:33:06 INFO  - Курс: Микросервисы на Go | Дата старта: 2025-12-11
02:33:06 INFO  - ============================================
02:36:16 INFO  - === САМЫЙ ДЕШЕВЫЙ И САМЫЙ ДОРОГОЙ КУРС ===
02:36:16 INFO  - Курс: Linux для начинающих | Цена: 10
02:36:16 INFO  - Курс: Основы SQL | Цена: 10
02:36:16 INFO  - Курс: Выбор профессии в IT | Цена: 10
02:36:16 INFO  - Курс: Демо-занятия курса IT-Recruiter | Цена: 10
02:36:16 INFO  - Курс: Ручное тестирование | Цена: 7000
02:36:16 INFO  - Курс: Основы Git | Цена: 10
02:36:16 INFO  - Курс: C# для начинающих программистов. Академия искусств | Цена: 7000
02:36:16 INFO  - Курс: PHP для начинающих программистов | Цена: 7000
02:36:16 INFO  - Курс: C# для начинающих программистов | Цена: 7000
02:36:16 INFO  - =========================================
02:43:50 INFO  - === САМЫЙ ДЕШЕВЫЙ И САМЫЙ ДОРОГОЙ КУРС ===
02:43:50 INFO  - Курс: Linux для начинающих | Цена: 10
02:43:50 INFO  - Курс: Основы SQL | Цена: 10
02:43:50 INFO  - Курс: Выбор профессии в IT | Цена: 10
02:43:50 INFO  - Курс: Демо-занятия курса IT-Recruiter | Цена: 10
02:43:50 INFO  - Курс: Ручное тестирование | Цена: 7000
02:43:50 INFO  - Курс: Основы Git | Цена: 10
02:43:50 INFO  - Курс: C# для начинающих программистов. Академия искусств | Цена: 7000
02:43:50 INFO  - Курс: PHP для начинающих программистов | Цена: 7000
02:43:50 INFO  - Курс: C# для начинающих программистов | Цена: 7000
02:43:50 INFO  - =========================================
02:53:00 INFO  - === САМЫЙ ДЕШЕВЫЙ И САМЫЙ ДОРОГОЙ КУРС ===
02:53:00 INFO  - Курс: Основы SQL | Цена: 10
02:53:00 INFO  - Курс: Выбор профессии в IT | Цена: 10
02:53:00 INFO  - Курс: Демо-занятия курса IT-Recruiter | Цена: 10
02:53:00 INFO  - Курс: Основы Git | Цена: 10
02:53:00 INFO  - Курс: Java для начинающих программистов | Цена: 7000
02:53:00 INFO  - Курс: JavaScript для начинающих программистов | Цена: 7000
02:53:00 INFO  - Курс: Linux для начинающих | Цена: 10
02:53:00 INFO  - Курс: Python для начинающих программистов | Цена: 7000
02:53:00 INFO  - Курс: Ручное тестирование | Цена: 7000
02:53:00 INFO  - Курс: С++ для начинающих программистов | Цена: 7000
02:53:00 INFO  - Курс: C# для начинающих программистов. Академия искусств | Цена: 7000
02:53:00 INFO  - Курс: PHP для начинающих программистов | Цена: 7000
02:53:00 INFO  - Курс: C# для начинающих программистов | Цена: 7000
02:53:00 INFO  - Курс: DevOps Marathon | Цена: 7000
02:53:00 INFO  - =========================================
02:55:43 INFO  - === САМЫЙ ДЕШЕВЫЙ И САМЫЙ ДОРОГОЙ КУРС ===
02:55:43 INFO  - Курс: Linux для начинающих | Цена: 10
02:55:43 INFO  - Курс: Основы SQL | Цена: 10
02:55:43 INFO  - Курс: Выбор профессии в IT | Цена: 10
02:55:43 INFO  - Курс: Демо-занятия курса IT-Recruiter | Цена: 10
02:55:43 INFO  - Курс: Ручное тестирование | Цена: 7000
02:55:43 INFO  - Курс: Основы Git | Цена: 10
02:55:43 INFO  - Курс: C# для начинающих программистов. Академия искусств | Цена: 7000
02:55:43 INFO  - Курс: PHP для начинающих программистов | Цена: 7000
02:55:43 INFO  - Курс: C# для начинающих программистов | Цена: 7000
02:55:43 INFO  - =========================================
03:06:51 INFO  - === САМЫЙ ДЕШЕВЫЙ И САМЫЙ ДОРОГОЙ КУРС ===
03:06:51 INFO  - Курс: Основы SQL | Цена: 10
03:06:51 INFO  - Курс: Выбор профессии в IT | Цена: 10
03:06:51 INFO  - Курс: Демо-занятия курса IT-Recruiter | Цена: 10
03:06:51 INFO  - Курс: Основы Git | Цена: 10
03:06:51 INFO  - Курс: Java для начинающих программистов | Цена: 7000
03:06:51 INFO  - Курс: JavaScript для начинающих программистов | Цена: 7000
03:06:51 INFO  - Курс: Linux для начинающих | Цена: 10
03:06:51 INFO  - Курс: Python для начинающих программистов | Цена: 7000
03:06:51 INFO  - Курс: Ручное тестирование | Цена: 7000
03:06:51 INFO  - Курс: С++ для начинающих программистов | Цена: 7000
03:06:51 INFO  - Курс: C# для начинающих программистов. Академия искусств | Цена: 7000
03:06:51 INFO  - Курс: PHP для начинающих программистов | Цена: 7000
03:06:51 INFO  - Курс: C# для начинающих программистов | Цена: 7000
03:06:51 INFO  - Курс: DevOps Marathon | Цена: 7000
03:06:51 INFO  - =========================================
03:09:52 INFO  - === КУРСЫ, НАЧИНАЮЩИЕСЯ С 2025-11-24 И ПОЗЖЕ ===
03:09:52 INFO  - Курс: Unreal Engine Game Developer. Professional | Дата старта: 2025-11-26
03:09:52 INFO  - Курс: Python QA Engineer | Дата старта: 2025-11-27
03:09:52 INFO  - Курс: LLM Driven Development | Дата старта: 2025-11-27
03:09:52 INFO  - Курс: Angular Developer | Дата старта: 2025-12-09
03:09:52 INFO  - Курс: JavaScript QA Engineer | Дата старта: 2025-12-10
03:09:52 INFO  - Курс: Микросервисы на Go | Дата старта: 2025-12-11
03:09:52 INFO  - Курс: Java QA Engineer. Professional | Дата старта: 2025-12-22
03:09:52 INFO  - Курс: Team Lead | Дата старта: 2025-12-23
03:09:52 INFO  - Курс: Node.js Developer | Дата старта: 2025-12-23
03:09:52 INFO  - Курс: Game QA Engineer | Дата старта: 2025-12-23
03:09:52 INFO  - ============================================
03:11:20 INFO  - === КУРСЫ, НАЧИНАЮЩИЕСЯ С 2025-11-24 И ПОЗЖЕ ===
03:11:20 INFO  - Курс: Unreal Engine Game Developer. Professional | Дата старта: 2025-11-26
03:11:20 INFO  - Курс: Python QA Engineer | Дата старта: 2025-11-27
03:11:20 INFO  - Курс: LLM Driven Development | Дата старта: 2025-11-27
03:11:20 INFO  - Курс: Angular Developer | Дата старта: 2025-12-09
03:11:20 INFO  - Курс: JavaScript QA Engineer | Дата старта: 2025-12-10
03:11:20 INFO  - Курс: Микросервисы на Go | Дата старта: 2025-12-11
03:11:20 INFO  - Курс: Java QA Engineer. Professional | Дата старта: 2025-12-22
03:11:20 INFO  - Курс: Team Lead | Дата старта: 2025-12-23
03:11:20 INFO  - Курс: Node.js Developer | Дата старта: 2025-12-23
03:11:20 INFO  - Курс: Game QA Engineer | Дата старта: 2025-12-23
03:11:20 INFO  - ============================================
03:26:55 INFO  - === КУРСЫ, НАЧИНАЮЩИЕСЯ С 2025-11-24 И ПОЗЖЕ ===
03:26:55 INFO  - Курс: Unreal Engine Game Developer. Professional | Дата старта: 2025-11-26
03:26:55 INFO  - Курс: Python QA Engineer | Дата старта: 2025-11-27
03:26:55 INFO  - Курс: LLM Driven Development | Дата старта: 2025-11-27
03:26:55 INFO  - Курс: Angular Developer | Дата старта: 2025-12-09
03:26:55 INFO  - Курс: JavaScript QA Engineer | Дата старта: 2025-12-10
03:26:55 INFO  - Курс: Микросервисы на Go | Дата старта: 2025-12-11
03:26:55 INFO  - Курс: Java QA Engineer. Professional | Дата старта: 2025-12-22
03:26:55 INFO  - Курс: Team Lead | Дата старта: 2025-12-23
03:26:55 INFO  - Курс: Node.js Developer | Дата старта: 2025-12-23
03:26:55 INFO  - Курс: Game QA Engineer | Дата старта: 2025-12-23
03:26:55 INFO  - ============================================
03:28:06 INFO  - === САМЫЕ ДЕШЕВЫЕ И САМЫЕ ДОРОГИЕ КУРСЫ ===
03:28:06 INFO  - Курс: Основы SQL | Цена: 10
03:28:06 INFO  - Курс: Выбор профессии в IT | Цена: 10
03:28:06 INFO  - Курс: Демо-занятия курса IT-Recruiter | Цена: 10
03:28:06 INFO  - Курс: Основы Git | Цена: 10
03:28:06 INFO  - Курс: Java для начинающих программистов | Цена: 7000
03:28:06 INFO  - Курс: JavaScript для начинающих программистов | Цена: 7000
03:28:06 INFO  - Курс: Linux для начинающих | Цена: 10
03:28:06 INFO  - Курс: Python для начинающих программистов | Цена: 7000
03:28:06 INFO  - Курс: Ручное тестирование | Цена: 7000
03:28:06 INFO  - Курс: С++ для начинающих программистов | Цена: 7000
03:28:06 INFO  - Курс: C# для начинающих программистов. Академия искусств | Цена: 7000
03:28:06 INFO  - Курс: PHP для начинающих программистов | Цена: 7000
03:28:06 INFO  - Курс: C# для начинающих программистов | Цена: 7000
03:28:06 INFO  - Курс: DevOps Marathon | Цена: 7000
03:28:06 INFO  - =========================================
03:38:09 INFO  - === КУРСЫ, НАЧИНАЮЩИЕСЯ С 2025-11-24 И ПОЗЖЕ ===
03:38:09 INFO  - Курс: Unreal Engine Game Developer. Professional | Дата старта: 2025-11-26
03:38:09 INFO  - Курс: Python QA Engineer | Дата старта: 2025-11-27
03:38:09 INFO  - Курс: LLM Driven Development | Дата старта: 2025-11-27
03:38:09 INFO  - Курс: Angular Developer | Дата старта: 2025-12-09
03:38:09 INFO  - Курс: JavaScript QA Engineer | Дата старта: 2025-12-10
03:38:09 INFO  - Курс: Микросервисы на Go | Дата старта: 2025-12-11
03:38:09 INFO  - Курс: Java QA Engineer. Professional | Дата старта: 2025-12-22
03:38:09 INFO  - Курс: Team Lead | Дата старта: 2025-12-23
03:38:09 INFO  - Курс: Node.js Developer | Дата старта: 2025-12-23
03:38:09 INFO  - Курс: Game QA Engineer | Дата старта: 2025-12-23
03:38:09 INFO  - ============================================
03:39:16 INFO  - === САМЫЕ ДЕШЕВЫЕ И САМЫЕ ДОРОГИЕ КУРСЫ ===
03:39:16 INFO  - Курс: Основы SQL | Цена: 10
03:39:16 INFO  - Курс: Выбор профессии в IT | Цена: 10
03:39:16 INFO  - Курс: Демо-занятия курса IT-Recruiter | Цена: 10
03:39:16 INFO  - Курс: Основы Git | Цена: 10
03:39:16 INFO  - Курс: Java для начинающих программистов | Цена: 7000
03:39:16 INFO  - Курс: JavaScript для начинающих программистов | Цена: 7000
03:39:16 INFO  - Курс: Linux для начинающих | Цена: 10
03:39:16 INFO  - Курс: Python для начинающих программистов | Цена: 7000
03:39:16 INFO  - Курс: Ручное тестирование | Цена: 7000
03:39:16 INFO  - Курс: С++ для начинающих программистов | Цена: 7000
03:39:16 INFO  - Курс: C# для начинающих программистов. Академия искусств | Цена: 7000
03:39:16 INFO  - Курс: PHP для начинающих программистов | Цена: 7000
03:39:16 INFO  - Курс: C# для начинающих программистов | Цена: 7000
03:39:16 INFO  - Курс: DevOps Marathon | Цена: 7000
03:39:16 INFO  - =========================================
03:52:59 INFO  - === САМЫЕ ДЕШЕВЫЕ И САМЫЕ ДОРОГИЕ КУРСЫ ===
03:52:59 INFO  - Курс: Основы SQL | Цена: 10
03:52:59 INFO  - Курс: Выбор профессии в IT | Цена: 10
03:52:59 INFO  - Курс: Демо-занятия курса IT-Recruiter | Цена: 10
03:52:59 INFO  - Курс: Основы Git | Цена: 10
03:52:59 INFO  - Курс: Java для начинающих программистов | Цена: 7000
03:52:59 INFO  - Курс: JavaScript для начинающих программистов | Цена: 7000
03:52:59 INFO  - Курс: Linux для начинающих | Цена: 10
03:52:59 INFO  - Курс: Python для начинающих программистов | Цена: 7000
03:52:59 INFO  - Курс: Ручное тестирование | Цена: 7000
03:52:59 INFO  - Курс: С++ для начинающих программистов | Цена: 7000
03:52:59 INFO  - Курс: C# для начинающих программистов. Академия искусств | Цена: 7000
03:52:59 INFO  - Курс: PHP для начинающих программистов | Цена: 7000
03:52:59 INFO  - Курс: C# для начинающих программистов | Цена: 7000
03:52:59 INFO  - Курс: DevOps Marathon | Цена: 7000
03:52:59 INFO  - =========================================
03:54:10 INFO  - === КУРСЫ, НАЧИНАЮЩИЕСЯ С 2025-11-24 И ПОЗЖЕ ===
03:54:10 INFO  - Курс: Unreal Engine Game Developer. Professional | Дата старта: 2025-11-26
03:54:10 INFO  - Курс: Python QA Engineer | Дата старта: 2025-11-27
03:54:10 INFO  - Курс: LLM Driven Development | Дата старта: 2025-11-27
03:54:10 INFO  - Курс: Angular Developer | Дата старта: 2025-12-09
03:54:10 INFO  - Курс: JavaScript QA Engineer | Дата старта: 2025-12-10
03:54:10 INFO  - Курс: Микросервисы на Go | Дата старта: 2025-12-11
03:54:10 INFO  - Курс: Java QA Engineer. Professional | Дата старта: 2025-12-22
03:54:10 INFO  - Курс: Team Lead | Дата старта: 2025-12-23
03:54:10 INFO  - Курс: Node.js Developer | Дата старта: 2025-12-23
03:54:10 INFO  - Курс: Game QA Engineer | Дата старта: 2025-12-23
03:54:10 INFO  - ============================================
03:55:08 INFO  - === САМЫЕ ДЕШЕВЫЕ И САМЫЕ ДОРОГИЕ КУРСЫ ===
03:55:08 INFO  - Курс: Основы SQL | Цена: 10
03:55:08 INFO  - Курс: Выбор профессии в IT | Цена: 10
03:55:08 INFO  - Курс: Демо-занятия курса IT-Recruiter | Цена: 10
03:55:08 INFO  - Курс: Основы Git | Цена: 10
03:55:08 INFO  - Курс: Java для начинающих программистов | Цена: 7000
03:55:08 INFO  - Курс: JavaScript для начинающих программистов | Цена: 7000
03:55:08 INFO  - Курс: Linux для начинающих | Цена: 10
03:55:08 INFO  - Курс: Python для начинающих программистов | Цена: 7000
03:55:08 INFO  - Курс: Ручное тестирование | Цена: 7000
03:55:08 INFO  - Курс: С++ для начинающих программистов | Цена: 7000
03:55:08 INFO  - Курс: C# для начинающих программистов. Академия искусств | Цена: 7000
03:55:08 INFO  - Курс: PHP для начинающих программистов | Цена: 7000
03:55:08 INFO  - Курс: C# для начинающих программистов | Цена: 7000
03:55:08 INFO  - Курс: DevOps Marathon | Цена: 7000
03:55:08 INFO  - =========================================
03:58:49 INFO  - === КУРСЫ, НАЧИНАЮЩИЕСЯ С 2025-11-24 И ПОЗЖЕ ===
03:58:49 INFO  - Курс: Unreal Engine Game Developer. Professional | Дата старта: 2025-11-26
03:58:49 INFO  - Курс: Python QA Engineer | Дата старта: 2025-11-27
03:58:49 INFO  - Курс: LLM Driven Development | Дата старта: 2025-11-27
03:58:49 INFO  - Курс: Angular Developer | Дата старта: 2025-12-09
03:58:49 INFO  - Курс: JavaScript QA Engineer | Дата старта: 2025-12-10
03:58:49 INFO  - Курс: Микросервисы на Go | Дата старта: 2025-12-11
03:58:49 INFO  - Курс: Java QA Engineer. Professional | Дата старта: 2025-12-22
03:58:49 INFO  - Курс: Team Lead | Дата старта: 2025-12-23
03:58:49 INFO  - Курс: Node.js Developer | Дата старта: 2025-12-23
03:58:49 INFO  - Курс: Game QA Engineer | Дата старта: 2025-12-23
03:58:49 INFO  - ============================================
03:59:43 INFO  - === САМЫЕ ДЕШЕВЫЕ И САМЫЕ ДОРОГИЕ КУРСЫ ===
03:59:43 INFO  - Курс: Основы SQL | Цена: 10
03:59:43 INFO  - Курс: Выбор профессии в IT | Цена: 10
03:59:43 INFO  - Курс: Демо-занятия курса IT-Recruiter | Цена: 10
03:59:43 INFO  - Курс: Основы Git | Цена: 10
03:59:43 INFO  - Курс: Java для начинающих программистов | Цена: 7000
03:59:43 INFO  - Курс: JavaScript для начинающих программистов | Цена: 7000
03:59:43 INFO  - Курс: Linux для начинающих | Цена: 10
03:59:43 INFO  - Курс: Python для начинающих программистов | Цена: 7000
03:59:43 INFO  - Курс: Ручное тестирование | Цена: 7000
03:59:43 INFO  - Курс: С++ для начинающих программистов | Цена: 7000
03:59:43 INFO  - Курс: C# для начинающих программистов. Академия искусств | Цена: 7000
03:59:43 INFO  - Курс: PHP для начинающих программистов | Цена: 7000
03:59:43 INFO  - Курс: C# для начинающих программистов | Цена: 7000
03:59:43 INFO  - Курс: DevOps Marathon | Цена: 7000
03:59:43 INFO  - =========================================
04:18:23 INFO  - === КУРСЫ, НАЧИНАЮЩИЕСЯ С 2025-11-24 И ПОЗЖЕ ===
04:18:23 INFO  - Курс: Unreal Engine Game Developer. Professional | Дата старта: 2025-11-26
04:18:23 INFO  - Курс: Python QA Engineer | Дата старта: 2025-11-27
04:18:23 INFO  - Курс: LLM Driven Development | Дата старта: 2025-11-27
04:18:23 INFO  - Курс: Angular Developer | Дата старта: 2025-12-09
04:18:23 INFO  - Курс: JavaScript QA Engineer | Дата старта: 2025-12-10
04:18:23 INFO  - Курс: Микросервисы на Go | Дата старта: 2025-12-11
04:18:23 INFO  - Курс: Java QA Engineer. Professional | Дата старта: 2025-12-22
04:18:23 INFO  - Курс: Team Lead | Дата старта: 2025-12-23
04:18:23 INFO  - Курс: Node.js Developer | Дата старта: 2025-12-23
04:18:23 INFO  - Курс: Game QA Engineer | Дата старта: 2025-12-23
04:18:23 INFO  - ============================================
04:39:00 INFO  - === САМЫЕ ДЕШЕВЫЕ И САМЫЕ ДОРОГИЕ КУРСЫ ===
04:39:00 INFO  - Курс: Основы SQL | Цена: 10
04:39:00 INFO  - Курс: Выбор профессии в IT | Цена: 10
04:39:00 INFO  - Курс: Демо-занятия курса IT-Recruiter | Цена: 10
04:39:00 INFO  - Курс: Основы Git | Цена: 10
04:39:00 INFO  - Курс: Java для начинающих программистов | Цена: 7000
04:39:00 INFO  - Курс: JavaScript для начинающих программистов | Цена: 7000
04:39:00 INFO  - Курс: Linux для начинающих | Цена: 10
04:39:00 INFO  - Курс: Python для начинающих программистов | Цена: 7000
04:39:00 INFO  - Курс: Ручное тестирование | Цена: 7000
04:39:00 INFO  - Курс: С++ для начинающих программистов | Цена: 7000
04:39:00 INFO  - Курс: C# для начинающих программистов. Академия искусств | Цена: 7000
04:39:00 INFO  - Курс: PHP для начинающих программистов | Цена: 7000
04:39:00 INFO  - Курс: C# для начинающих программистов | Цена: 7000
04:39:00 INFO  - Курс: DevOps Marathon | Цена: 7000
04:39:00 INFO  - =========================================
05:17:37 INFO  - === САМЫЕ ДЕШЕВЫЕ И САМЫЕ ДОРОГИЕ КУРСЫ ===
05:17:37 INFO  - Курс: Основы SQL | Цена: 10
05:17:37 INFO  - Курс: Выбор профессии в IT | Цена: 10
05:17:37 INFO  - Курс: Демо-занятия курса IT-Recruiter | Цена: 10
05:17:37 INFO  - Курс: Основы Git | Цена: 10
05:17:37 INFO  - Курс: Java для начинающих программистов | Цена: 7000
05:17:37 INFO  - Курс: JavaScript для начинающих программистов | Цена: 7000
05:17:37 INFO  - Курс: Linux для начинающих | Цена: 10
05:17:37 INFO  - Курс: Python для начинающих программистов | Цена: 7000
05:17:37 INFO  - Курс: Ручное тестирование | Цена: 7000
05:17:37 INFO  - Курс: С++ для начинающих программистов | Цена: 7000
05:17:37 INFO  - Курс: C# для начинающих программистов. Академия искусств | Цена: 7000
05:17:37 INFO  - Курс: PHP для начинающих программистов | Цена: 7000
05:17:37 INFO  - Курс: C# для начинающих программистов | Цена: 7000
05:17:37 INFO  - Курс: DevOps Marathon | Цена: 7000
05:17:37 INFO  - =========================================
05:23:41 INFO  - === КУРСЫ, НАЧИНАЮЩИЕСЯ С 2025-11-24 И ПОЗЖЕ ===
05:23:41 INFO  - Курс: Unreal Engine Game Developer. Professional | Дата старта: 2025-11-26
05:23:41 INFO  - Курс: Python QA Engineer | Дата старта: 2025-11-27
05:23:41 INFO  - Курс: LLM Driven Development | Дата старта: 2025-11-27
05:23:41 INFO  - Курс: Angular Developer | Дата старта: 2025-12-09
05:23:41 INFO  - Курс: JavaScript QA Engineer | Дата старта: 2025-12-10
05:23:41 INFO  - Курс: Микросервисы на Go | Дата старта: 2025-12-11
05:23:41 INFO  - Курс: Java QA Engineer. Professional | Дата старта: 2025-12-22
05:23:41 INFO  - Курс: Team Lead | Дата старта: 2025-12-23
05:23:41 INFO  - Курс: Node.js Developer | Дата старта: 2025-12-23
05:23:41 INFO  - Курс: Game QA Engineer | Дата старта: 2025-12-23
05:23:41 INFO  - ============================================
05:24:35 INFO  - === САМЫЕ ДЕШЕВЫЕ И САМЫЕ ДОРОГИЕ КУРСЫ ===
05:24:35 INFO  - Курс: Основы SQL | Цена: 10
05:24:35 INFO  - Курс: Выбор профессии в IT | Цена: 10
05:24:35 INFO  - Курс: Демо-занятия курса IT-Recruiter | Цена: 10
05:24:35 INFO  - Курс: Основы Git | Цена: 10
05:24:35 INFO  - Курс: Java для начинающих программистов | Цена: 7000
05:24:35 INFO  - Курс: JavaScript для начинающих программистов | Цена: 7000
05:24:35 INFO  - Курс: Linux для начинающих | Цена: 10
05:24:35 INFO  - Курс: Python для начинающих программистов | Цена: 7000
05:24:35 INFO  - Курс: Ручное тестирование | Цена: 7000
05:24:35 INFO  - Курс: С++ для начинающих программистов | Цена: 7000
05:24:35 INFO  - Курс: C# для начинающих программистов. Академия искусств | Цена: 7000
05:24:35 INFO  - Курс: PHP для начинающих программистов | Цена: 7000
05:24:35 INFO  - Курс: C# для начинающих программистов | Цена: 7000
05:24:35 INFO  - Курс: DevOps Marathon | Цена: 7000
05:24:35 INFO  - =========================================
05:27:39 INFO  - === КУРСЫ, НАЧИНАЮЩИЕСЯ С 2025-11-24 И ПОЗЖЕ ===
05:27:39 INFO  - Курс: Unreal Engine Game Developer. Professional | Дата старта: 2025-11-26
05:27:39 INFO  - Курс: Python QA Engineer | Дата старта: 2025-11-27
05:27:39 INFO  - Курс: LLM Driven Development | Дата старта: 2025-11-27
05:27:39 INFO  - Курс: Angular Developer | Дата старта: 2025-12-09
05:27:39 INFO  - Курс: JavaScript QA Engineer | Дата старта: 2025-12-10
05:27:39 INFO  - Курс: Микросервисы на Go | Дата старта: 2025-12-11
05:27:39 INFO  - Курс: Java QA Engineer. Professional | Дата старта: 2025-12-22
05:27:39 INFO  - Курс: Team Lead | Дата старта: 2025-12-23
05:27:39 INFO  - Курс: Node.js Developer | Дата старта: 2025-12-23
05:27:39 INFO  - Курс: Game QA Engineer | Дата старта: 2025-12-23
05:27:39 INFO  - ============================================
05:28:31 INFO  - === САМЫЕ ДЕШЕВЫЕ И САМЫЕ ДОРОГИЕ КУРСЫ ===
05:28:31 INFO  - Курс: Основы SQL | Цена: 10
05:28:31 INFO  - Курс: Выбор профессии в IT | Цена: 10
05:28:31 INFO  - Курс: Демо-занятия курса IT-Recruiter | Цена: 10
05:28:31 INFO  - Курс: Основы Git | Цена: 10
05:28:31 INFO  - Курс: Java для начинающих программистов | Цена: 7000
05:28:31 INFO  - Курс: JavaScript для начинающих программистов | Цена: 7000
05:28:31 INFO  - Курс: Linux для начинающих | Цена: 10
05:28:31 INFO  - Курс: Python для начинающих программистов | Цена: 7000
05:28:31 INFO  - Курс: Ручное тестирование | Цена: 7000
05:28:31 INFO  - Курс: С++ для начинающих программистов | Цена: 7000
05:28:31 INFO  - Курс: C# для начинающих программистов. Академия искусств | Цена: 7000
05:28:31 INFO  - Курс: PHP для начинающих программистов | Цена: 7000
05:28:31 INFO  - Курс: C# для начинающих программистов | Цена: 7000
05:28:31 INFO  - Курс: DevOps Marathon | Цена: 7000
05:28:31 INFO  - =========================================
05:41:27 INFO  - === КУРСЫ, НАЧИНАЮЩИЕСЯ С 2025-11-24 И ПОЗЖЕ ===
05:41:27 INFO  - Курс: Unreal Engine Game Developer. Professional | Дата старта: 2025-11-26
05:41:27 INFO  - Курс: Python QA Engineer | Дата старта: 2025-11-27
05:41:27 INFO  - Курс: LLM Driven Development | Дата старта: 2025-11-27
05:41:27 INFO  - Курс: Angular Developer | Дата старта: 2025-12-09
05:41:27 INFO  - Курс: JavaScript QA Engineer | Дата старта: 2025-12-10
05:41:27 INFO  - Курс: Микросервисы на Go | Дата старта: 2025-12-11
05:41:27 INFO  - Курс: Java QA Engineer. Professional | Дата старта: 2025-12-22
05:41:27 INFO  - Курс: Team Lead | Дата старта: 2025-12-23
05:41:27 INFO  - Курс: Node.js Developer | Дата старта: 2025-12-23
05:41:27 INFO  - Курс: Game QA Engineer | Дата старта: 2025-12-23
05:41:27 INFO  - ============================================
05:42:19 INFO  - === САМЫЕ ДЕШЕВЫЕ И САМЫЕ ДОРОГИЕ КУРСЫ ===
05:42:19 INFO  - Курс: Основы SQL | Цена: 10
05:42:19 INFO  - Курс: Выбор профессии в IT | Цена: 10
05:42:19 INFO  - Курс: Демо-занятия курса IT-Recruiter | Цена: 10
05:42:19 INFO  - Курс: Основы Git | Цена: 10
05:42:19 INFO  - Курс: Java для начинающих программистов | Цена: 7000
05:42:19 INFO  - Курс: JavaScript для начинающих программистов | Цена: 7000
05:42:19 INFO  - Курс: Linux для начинающих | Цена: 10
05:42:19 INFO  - Курс: Python для начинающих программистов | Цена: 7000
05:42:19 INFO  - Курс: Ручное тестирование | Цена: 7000
05:42:19 INFO  - Курс: С++ для начинающих программистов | Цена: 7000
05:42:19 INFO  - Курс: C# для начинающих программистов. Академия искусств | Цена: 7000
05:42:19 INFO  - Курс: PHP для начинающих программистов | Цена: 7000
05:42:19 INFO  - Курс: C# для начинающих программистов | Цена: 7000
05:42:19 INFO  - Курс: DevOps Marathon | Цена: 7000
05:42:19 INFO  - =========================================
05:56:47 INFO  - === КУРСЫ, НАЧИНАЮЩИЕСЯ С 2025-11-24 И ПОЗЖЕ ===
05:56:47 INFO  - Курс: Unreal Engine Game Developer. Professional | Дата старта: 2025-11-26
05:56:47 INFO  - Курс: Python QA Engineer | Дата старта: 2025-11-27
05:56:47 INFO  - Курс: LLM Driven Development | Дата старта: 2025-11-27
05:56:47 INFO  - Курс: Angular Developer | Дата старта: 2025-12-09
05:56:47 INFO  - Курс: JavaScript QA Engineer | Дата старта: 2025-12-10
05:56:47 INFO  - Курс: Микросервисы на Go | Дата старта: 2025-12-11
05:56:47 INFO  - Курс: Java QA Engineer. Professional | Дата старта: 2025-12-22
05:56:47 INFO  - Курс: Team Lead | Дата старта: 2025-12-23
05:56:47 INFO  - Курс: Node.js Developer | Дата старта: 2025-12-23
05:56:47 INFO  - Курс: Game QA Engineer | Дата старта: 2025-12-23
05:56:47 INFO  - ============================================
05:57:33 INFO  - === САМЫЕ ДЕШЕВЫЕ И САМЫЕ ДОРОГИЕ КУРСЫ ===
05:57:33 INFO  - Курс: Основы SQL | Цена: 10
05:57:33 INFO  - Курс: Выбор профессии в IT | Цена: 10
05:57:33 INFO  - Курс: Демо-занятия курса IT-Recruiter | Цена: 10
05:57:33 INFO  - Курс: Основы Git | Цена: 10
05:57:33 INFO  - Курс: Java для начинающих программистов | Цена: 7000
05:57:33 INFO  - Курс: JavaScript для начинающих программистов | Цена: 7000
05:57:33 INFO  - Курс: Linux для начинающих | Цена: 10
05:57:33 INFO  - Курс: Python для начинающих программистов | Цена: 7000
05:57:33 INFO  - Курс: Ручное тестирование | Цена: 7000
05:57:33 INFO  - Курс: С++ для начинающих программистов | Цена: 7000
05:57:33 INFO  - Курс: C# для начинающих программистов. Академия искусств | Цена: 7000
05:57:33 INFO  - Курс: PHP для начинающих программистов | Цена: 7000
05:57:33 INFO  - Курс: C# для начинающих программистов | Цена: 7000
05:57:33 INFO  - Курс: DevOps Marathon | Цена: 7000
05:57:33 INFO  - =========================================
